Microchip MPLAB XC8 Compiler V2.35

Linker command line:

-W-3 --edf=C:\Program Files\Microchip\xc8\v2.35\pic\dat\en_msgs.txt -cn \
  -h+dist/default/production\lab07.X.production.sym \
  --cmf=dist/default/production\lab07.X.production.cmf -z -Q16F887 \
  -oC:\Users\dellG3\AppData\Local\Temp\xcAs8tc.4 --defsym=__MPLAB_BUILD=1 \
  -Mdist/default/production/lab07.X.production.map \
  --md=C:\Users\dellG3\AppData\Local\Temp\xcAs8tc.dat -E1 -ver=XC8 Compiler \
  --acfsm=1493 -ACODE=00h-07FFhx4 -ASTRCODE=00h-01FFFh -ASTRING=00h-0FFhx32 \
  -ACONST=00h-0FFhx32 -AENTRY=00h-0FFhx32 -ACOMMON=070h-07Fh \
  -ABANK0=020h-06Fh -ABANK1=0A0h-0EFh -ABANK2=0110h-016Fh \
  -ABANK3=0190h-01EFh -ARAM=020h-06Fh,0A0h-0EFh,0110h-016Fh,0190h-01EFh \
  -AABS1=020h-07Fh,0A0h-0EFh,0110h-016Fh,0190h-01EFh -ASFR0=00h-01Fh \
  -ASFR1=080h-09Fh -ASFR2=0100h-010Fh -ASFR3=0180h-018Fh \
  -ACONFIG=02007h-02008h -DCONFIG=2 -AIDLOC=02000h-02003h -DIDLOC=2 \
  -AEEDATA=00h-0FFh/02100h -peeprom_data=EEDATA -DEEDATA=2 -DCODE=2 \
  -DSTRCODE=2 -DSTRING=2 -DCONST=2 -DENTRY=2 \
  -preset_vec=00h,intentry=04h,init,end_init -ppowerup=CODE -pcinit=CODE \
  -pfunctab=ENTRY -k C:\Users\dellG3\AppData\Local\Temp\xcAs8tc.o \
  dist/default/production\lab07.X.production.o 

Object code version is 3.11

Machine type is 16F887



                Name                               Link     Load   Length Selector   Space Scale
C:\Users\dellG3\AppData\Local\Temp\xcAs8tc.o
                end_init                              E        E        3        8       0
                reset_vec                             0        0        3        0       0
                config                             2007     2007        2        0       4
                idloc                              2000     2000        4        0       5
dist/default/production\lab07.X.production.o
                cinit                                11       11       18        8       0
                intentry                              4        4        A        8       0
                config                             2007     2007        2        0       4
                idloc                              2000     2000        4        0       5
                text5                                29       29       6A        8       0
                text4                                93       93       69        8       0
                text3                                FC       FC       5B        8       0
                text2                               157      157       4F        8       0
                text1                               1A6      1A6       31        8       0
                maintext                            1EA      1EA        E        8       0
                cstackBANK0                          2A       2A        9       20       1
                cstackCOMMON                         70       70        5       70       1
                inittext                            1D7      1D7       13        8       0
                dataBANK0                            20       20        A       20       1
                bssBANK0                             3B       3B        2       20       1
                bssCOMMON                            75       75        4       70       1
                nvBANK0                              33       33        8       20       1
                idataBANK0                          1F8      1F8        A        8       0

TOTAL           Name                               Link     Load   Length     Space
        CLASS   CODE           
                end_init                              E        E        3         0
                cinit                                11       11       18         0
                intentry                              4        4        A         0
                reset_vec                             0        0        3         0
                text5                                29       29       6A         0
                text4                                93       93       69         0
                text3                                FC       FC       5B         0
                text2                               157      157       4F         0
                text1                               1A6      1A6       31         0
                maintext                            1EA      1EA        E         0
                inittext                            1D7      1D7       13         0
                idataBANK0                          1F8      1F8        A         0

        CLASS   STRCODE        

        CLASS   STRING         

        CLASS   CONST          

        CLASS   ENTRY          

        CLASS   COMMON         
                cstackCOMMON                         70       70        5         1
                bssCOMMON                            75       75        4         1

        CLASS   BANK0          
                cstackBANK0                          2A       2A        9         1
                dataBANK0                            20       20        A         1
                bssBANK0                             3B       3B        2         1
                nvBANK0                              33       33        8         1

        CLASS   BANK1          

        CLASS   BANK2          

        CLASS   BANK3          

        CLASS   RAM            

        CLASS   ABS1           
                abs_s1                               7E       7E        2         1

        CLASS   SFR0           

        CLASS   SFR1           

        CLASS   SFR2           

        CLASS   SFR3           

        CLASS   CONFIG         
                config                             2007     2007        2         4

        CLASS   IDLOC          
                idloc                              2000     2000        4         5

        CLASS   EEDATA         

        CLASS   STACK          



SEGMENTS        Name                           Load    Length   Top    Selector   Space  Class     Delta

                reset_vec                      000000  000003  000003         0       0  CODE        2
                intentry                       000004  0001FE  000202         8       0  CODE        2
                dataBANK0                      000020  00001D  00003D        20       1  BANK0       1
                cstackCOMMON                   000070  000009  000079        70       1  COMMON      1


UNUSED ADDRESS RANGES

        Name                Unused          Largest block    Delta
        BANK0            003D-006F             33           1
        BANK1            00A0-00EF             50           1
        BANK2            0110-016F             60           1
        BANK3            0190-01EF             60           1
        CODE             0003-0003              1           2
                         0202-1FFF            800
        COMMON           0079-007D              5           1
        CONST            0003-0003              1           2
                         0202-1FFF            100
        EEDATA           2100-21FF            100           2
        ENTRY            0003-0003              1           2
                         0202-1FFF            100
        RAM              003D-006F             33           1
                         00A0-00EF             50
                         0110-016F             60
                         0190-01EF             60
        SFR0             0000-001F             20           1
        SFR1             0080-009F             20           1
        SFR2             0100-010F             10           1
        SFR3             0180-018F             10           1
        STRCODE          0003-0003              1           2
                         0202-1FFF           1DFE
        STRING           0003-0003              1           2
                         0202-1FFF            100

                                  Symbol Table

?___awdiv                cstackBANK0  002A
?___awmod                cstackBANK0  002A
_ANSEL                   (abs)        0188
_ANSELH                  (abs)        0189
_INTCONbits              (abs)        000B
_IOCBbits                (abs)        0096
_OPTION_REGbits          (abs)        0081
_OSCCONbits              (abs)        008F
_PORTA                   (abs)        0005
_PORTBbits               (abs)        0006
_PORTC                   (abs)        0007
_PORTD                   (abs)        0008
_PORTDbits               (abs)        0008
_T0IF                    (abs)        005A
_TMR0                    (abs)        0001
_TRISA                   (abs)        0085
_TRISBbits               (abs)        0086
_TRISC                   (abs)        0087
_TRISD                   (abs)        0088
_WPUBbits                (abs)        0095
__Habs1                  abs1         0000
__Hbank0                 bank0        0000
__Hbank1                 bank1        0000
__Hbank2                 bank2        0000
__Hbank3                 bank3        0000
__HbssBANK0              bssBANK0     0000
__HbssCOMMON             bssCOMMON    0000
__Hcinit                 cinit        0029
__Hclrtext               clrtext      0000
__Hcode                  code         0000
__Hcommon                common       0000
__Hconfig                config       2009
__HcstackBANK0           cstackBANK0  0000
__HcstackCOMMON          cstackCOMMON 0000
__HdataBANK0             dataBANK0    0000
__Heeprom_data           eeprom_data  0000
__Hend_init              end_init     0011
__Hfunctab               functab      0000
__HidataBANK0            idataBANK0   0000
__Hidloc                 idloc        2004
__Hinit                  init         000E
__Hinittext              inittext     0000
__Hintentry              intentry     000E
__Hmaintext              maintext     0000
__HnvBANK0               nvBANK0      0000
__Hpowerup               powerup      0000
__Hram                   ram          0000
__Hreset_vec             reset_vec    0003
__Hsfr0                  sfr0         0000
__Hsfr1                  sfr1         0000
__Hsfr2                  sfr2         0000
__Hsfr3                  sfr3         0000
__Hspace_0               (abs)        0202
__Hspace_1               (abs)        0079
__Hspace_2               (abs)        0000
__Hspace_3               (abs)        0000
__Hspace_4               (abs)        4010
__Hstack                 stack        0000
__Hstrings               strings      0000
__Htext                  text         0000
__Labs1                  abs1         0000
__Lbank0                 bank0        0000
__Lbank1                 bank1        0000
__Lbank2                 bank2        0000
__Lbank3                 bank3        0000
__LbssBANK0              bssBANK0     0000
__LbssCOMMON             bssCOMMON    0000
__Lcinit                 cinit        0011
__Lclrtext               clrtext      0000
__Lcode                  code         0000
__Lcommon                common       0000
__Lconfig                config       0000
__LcstackBANK0           cstackBANK0  0000
__LcstackCOMMON          cstackCOMMON 0000
__LdataBANK0             dataBANK0    0000
__Leeprom_data           eeprom_data  0000
__Lend_init              end_init     000E
__Lfunctab               functab      0000
__LidataBANK0            idataBANK0   0000
__Lidloc                 idloc        0000
__Linit                  init         000E
__Linittext              inittext     0000
__Lintentry              intentry     0004
__Lmaintext              maintext     0000
__LnvBANK0               nvBANK0      0000
__Lpowerup               powerup      0000
__Lram                   ram          0000
__Lreset_vec             reset_vec    0000
__Lsfr0                  sfr0         0000
__Lsfr1                  sfr1         0000
__Lsfr2                  sfr2         0000
__Lsfr3                  sfr3         0000
__Lspace_0               (abs)        0000
__Lspace_1               (abs)        0000
__Lspace_2               (abs)        0000
__Lspace_3               (abs)        0000
__Lspace_4               (abs)        0000
__Lstack                 stack        0000
__Lstrings               strings      0000
__Ltext                  text         0000
__S0                     (abs)        0202
__S1                     (abs)        0079
__S3                     (abs)        0000
___awdiv                 text4        0093
___awdiv@counter         cstackBANK0  002F
___awdiv@dividend        cstackBANK0  002C
___awdiv@divisor         cstackBANK0  002A
___awdiv@quotient        cstackBANK0  0031
___awdiv@sign            cstackBANK0  0030
___awmod                 text3        00FC
___awmod@counter         cstackBANK0  002F
___awmod@dividend        cstackBANK0  002C
___awmod@divisor         cstackBANK0  002A
___awmod@sign            cstackBANK0  0030
___int_sp                stack        0000
___latbits               (abs)        0002
___sp                    stack        0000
___stackhi               (abs)        0000
___stacklo               (abs)        0000
__end_of___awdiv         text4        00FC
__end_of___awmod         text3        0157
__end_of__initialization cinit        0025
__end_of_isr             text5        0093
__end_of_main            maintext     01F8
__end_of_mostrar         text2        01A6
__end_of_setup           text1        01D7
__initialization         cinit        0011
__pbssBANK0              bssBANK0     003B
__pbssCOMMON             bssCOMMON    0075
__pcstackBANK0           cstackBANK0  002A
__pcstackCOMMON          cstackCOMMON 0070
__pdataBANK0             dataBANK0    0020
__pidataBANK0            idataBANK0   01F8
__pintentry              intentry     0004
__pmaintext              maintext     01EA
__pnvBANK0               nvBANK0      0033
__ptext1                 text1        01A6
__ptext2                 text2        0157
__ptext3                 text3        00FC
__ptext4                 text4        0093
__ptext5                 text5        0029
_band                    bssCOMMON    0075
_centena                 nvBANK0      0035
_decena                  nvBANK0      0037
_display                 bssBANK0     003B
_isr                     text5        0029
_main                    maintext     01EA
_mostrar                 text2        0157
_setup                   text1        01A6
_sobr                    nvBANK0      0033
_tabla                   dataBANK0    0020
_unidad                  nvBANK0      0039
btemp                    (abs)        007E
end_of_initialization    cinit        0025
init_fetch0              inittext     01D7
init_ram0                inittext     01DB
interrupt_function       intentry     0004
intlevel0                functab      0000
intlevel1                functab      0000
intlevel2                functab      0000
intlevel3                functab      0000
intlevel4                functab      0000
intlevel5                functab      0000
reset_vec                reset_vec    0000
saved_w                  (abs)        007E
start                    init         000E
start_initialization     cinit        0011
wtemp0                   (abs)        007E


MODULE INFORMATION

Module		Function		Class		Link	Load	Size
C:\Program Files\Microchip\xc8\v2.35\pic\sources\c90\common\awmod.c
		___awmod       		CODE           	00FC	0000	91

C:\Program Files\Microchip\xc8\v2.35\pic\sources\c90\common\awmod.c estimated size: 91

C:\Program Files\Microchip\xc8\v2.35\pic\sources\c90\common\awdiv.c
		___awdiv       		CODE           	0093	0000	105

C:\Program Files\Microchip\xc8\v2.35\pic\sources\c90\common\awdiv.c estimated size: 105

shared
		__initialization		CODE           	0011	0000	20

shared estimated size: 20

lab07.c
		_main          		CODE           	01EA	0000	14
		_isr           		CODE           	0029	0000	106
		_setup         		CODE           	01A6	0000	49
		_mostrar       		CODE           	0157	0000	79

lab07.c estimated size: 248

